old   4:     '8Jy/.Mu&wj',
new   4:     '8Jy/.Mu',
   Zelensky,
   *
ERROR at line 3:
ORA-00984: column not allowed here



1 row created.


1 row created.


1 row created.


1 row created.


1 row created.

INSERT INTO Chat VALUES (
            *
ERROR at line 1:
ORA-00913: too many values


INSERT INTO Chat VALUES (
            *
ERROR at line 1:
ORA-00913: too many values


INSERT INTO Chat VALUES (
            *
ERROR at line 1:
ORA-00913: too many values


INSERT INTO Chat VALUES (
            *
ERROR at line 1:
ORA-00913: too many values


INSERT INTO Chat VALUES (
            *
ERROR at line 1:
ORA-00913: too many values


INSERT INTO Subscriptions VALUES (
            *
ERROR at line 1:
ORA-00942: table or view does not exist


INSERT INTO Subscriptions VALUES (
            *
ERROR at line 1:
ORA-00942: table or view does not exist


INSERT INTO Subscriptions VALUES (
            *
ERROR at line 1:
ORA-00942: table or view does not exist


INSERT INTO Subscriptions VALUES (
            *
ERROR at line 1:
ORA-00942: table or view does not exist


INSERT INTO Subscriptions VALUES (
            *
ERROR at line 1:
ORA-00942: table or view does not exist



1 row created.


1 row created.


1 row created.


1 row created.


1 row created.


1 row created.


1 row created.


1 row created.


1 row created.


1 row created.


1 row created.

INSERT INTO Owns_Subscriptions VALUES (
*
ERROR at line 1:
ORA-02291: integrity constraint (ORA_LANKUN.SYS_C00962605) violated - parent
key not found


INSERT INTO Owns_Subscriptions VALUES (
*
ERROR at line 1:
ORA-02291: integrity constraint (ORA_LANKUN.SYS_C00962605) violated - parent
key not found


INSERT INTO Owns_Subscriptions VALUES (
*
ERROR at line 1:
ORA-02291: integrity constraint (ORA_LANKUN.SYS_C00962605) violated - parent
key not found


INSERT INTO Owns_Subscriptions VALUES (
*
ERROR at line 1:
ORA-02291: integrity constraint (ORA_LANKUN.SYS_C00962605) violated - parent
key not found


INSERT INTO Owns_Subscriptions VALUES (
*
ERROR at line 1:
ORA-02291: integrity constraint (ORA_LANKUN.SYS_C00962605) violated - parent
key not found


INSERT INTO Contains_Messages VALUES (
*
ERROR at line 1:
ORA-02291: integrity constraint (ORA_LANKUN.SYS_C00962613) violated - parent
key not found


INSERT INTO Contains_Messages VALUES (
*
ERROR at line 1:
ORA-02291: integrity constraint (ORA_LANKUN.SYS_C00962613) violated - parent
key not found


INSERT INTO Contains_Messages VALUES (
*
ERROR at line 1:
ORA-02291: integrity constraint (ORA_LANKUN.SYS_C00962613) violated - parent
key not found


INSERT INTO Contains_Messages VALUES (
*
ERROR at line 1:
ORA-02291: integrity constraint (ORA_LANKUN.SYS_C00962613) violated - parent
key not found


INSERT INTO Contains_Messages VALUES (
*
ERROR at line 1:
ORA-02291: integrity constraint (ORA_LANKUN.SYS_C00962613) violated - parent
key not found


  'www.nwPlus.io',
  *
ERROR at line 6:
ORA-00917: missing comma


 TIMESTAMP '2017-08-09 07:00:00 -7:00',
 *
ERROR at line 5:
ORA-00932: inconsistent datatypes: expected NUMBER got TIMESTAMP WITH TIME ZONE


  TIMESTAMP '2017-08-09 07:00:00 -7:00',
  *
ERROR at line 5:
ORA-00932: inconsistent datatypes: expected NUMBER got TIMESTAMP WITH TIME ZONE


  TIMESTAMP '2017-08-09 07:00:00 -7:00',
  *
ERROR at line 5:
ORA-00932: inconsistent datatypes: expected NUMBER got TIMESTAMP WITH TIME ZONE


  TIMESTAMP '2017-08-09 07:00:00 -7:00',
  *
ERROR at line 5:
ORA-00932: inconsistent datatypes: expected NUMBER got TIMESTAMP WITH TIME ZONE


  TIMESTAMP '2017-08-09 07:00:00 -7:00',
  *
ERROR at line 5:
ORA-00932: inconsistent datatypes: expected NUMBER got TIMESTAMP WITH TIME ZONE



1 row created.

Enter value for usqp: 
old   4: 'https://encrypted-tbn0.gstatic.com/images?q=tbn:ANd9GcQMjwkX18cy574Qn82mrfaubhqhdVQylzSpJA&usqp=CAU',
new   4: 'https://encrypted-tbn0.gstatic.com/images?q=tbn:ANd9GcQMjwkX18cy574Qn82mrfaubhqhdVQylzSpJA=CAU',

1 row created.


1 row created.


1 row created.

INSERT INTO Owns_Static_Assets VALUES (
*
ERROR at line 1:
ORA-02291: integrity constraint (ORA_LANKUN.SYS_C00962631) violated - parent
key not found


)
*
ERROR at line 7:
ORA-00936: missing expression


)
*
ERROR at line 7:
ORA-00936: missing expression


)
*
ERROR at line 7:
ORA-00936: missing expression


)
*
ERROR at line 7:
ORA-00936: missing expression


)
*
ERROR at line 7:
ORA-00936: missing expression



1 row created.


1 row created.

INSERT INTO Member_Of VALUES (
*
ERROR at line 1:
ORA-02291: integrity constraint (ORA_LANKUN.SYS_C00962644) violated - parent
key not found



1 row created.

INSERT INTO Member_Of VALUES (
*
ERROR at line 1:
ORA-02291: integrity constraint (ORA_LANKUN.SYS_C00962643) violated - parent
key not found


INSERT INTO Participates_In VALUES (
*
ERROR at line 1:
ORA-02291: integrity constraint (ORA_LANKUN.SYS_C00962650) violated - parent
key not found


INSERT INTO Participates_In VALUES (
*
ERROR at line 1:
ORA-02291: integrity constraint (ORA_LANKUN.SYS_C00962650) violated - parent
key not found


INSERT INTO Participates_In VALUES (
*
ERROR at line 1:
ORA-02291: integrity constraint (ORA_LANKUN.SYS_C00962650) violated - parent
key not found


INSERT INTO Participates_In VALUES (
*
ERROR at line 1:
ORA-02291: integrity constraint (ORA_LANKUN.SYS_C00962650) violated - parent
key not found


INSERT INTO Participates_In VALUES (
*
ERROR at line 1:
ORA-02291: integrity constraint (ORA_LANKUN.SYS_C00962650) violated - parent
key not found



1 row created.


1 row created.


1 row created.


1 row created.

INSERT INTO Link_To VALUES (
*
ERROR at line 1:
ORA-02291: integrity constraint (ORA_LANKUN.SYS_C00962662) violated - parent
key not found


  1,
  *
ERROR at line 2:
ORA-00928: missing SELECT keyword


  2,
  *
ERROR at line 2:
ORA-00928: missing SELECT keyword


  3,
  *
ERROR at line 2:
ORA-00928: missing SELECT keyword


  4,
  *
ERROR at line 2:
ORA-00928: missing SELECT keyword


  5,
  *
ERROR at line 2:
ORA-00928: missing SELECT keyword



1 row created.


1 row created.


1 row created.


1 row created.

);)
 *
ERROR at line 6:
ORA-00933: SQL command not properly ended